  1.c
C:\Users\vlado\source\repos\Project1\Лаба №2\Project1\Project1\1.c(66,12): warning C4473: "printf": передано недостаточно аргументов для строки формата
      C:\Users\vlado\source\repos\Project1\Лаба №2\Project1\Project1\1.c(66,12):
      заполнители и их параметры ожидают переменное число аргументов в количестве 1, но было предоставлено 0
      C:\Users\vlado\source\repos\Project1\Лаба №2\Project1\Project1\1.c(66,12):
      отсутствующий вариативный аргумент "1" требуется для строки форматирования "%d"
  
C:\Users\vlado\source\repos\Project1\Лаба №2\Project1\Project1\1.c(69,12): warning C4473: "printf": передано недостаточно аргументов для строки формата
      C:\Users\vlado\source\repos\Project1\Лаба №2\Project1\Project1\1.c(69,12):
      заполнители и их параметры ожидают переменное число аргументов в количестве 1, но было предоставлено 0
      C:\Users\vlado\source\repos\Project1\Лаба №2\Project1\Project1\1.c(69,12):
      отсутствующий вариативный аргумент "1" требуется для строки форматирования "%f"
  
C:\Users\vlado\source\repos\Project1\Лаба №2\Project1\Project1\1.c(72,12): warning C4473: "printf": передано недостаточно аргументов для строки формата
      C:\Users\vlado\source\repos\Project1\Лаба №2\Project1\Project1\1.c(72,12):
      заполнители и их параметры ожидают переменное число аргументов в количестве 1, но было предоставлено 0
      C:\Users\vlado\source\repos\Project1\Лаба №2\Project1\Project1\1.c(72,12):
      отсутствующий вариативный аргумент "1" требуется для строки форматирования "%g"
  
C:\Users\vlado\source\repos\Project1\Лаба №2\Project1\Project1\1.c(76,12): warning C4473: "printf": передано недостаточно аргументов для строки формата
      C:\Users\vlado\source\repos\Project1\Лаба №2\Project1\Project1\1.c(76,12):
      заполнители и их параметры ожидают переменное число аргументов в количестве 1, но было предоставлено 0
      C:\Users\vlado\source\repos\Project1\Лаба №2\Project1\Project1\1.c(76,12):
      отсутствующий вариативный аргумент "1" требуется для строки форматирования "%e"
  
  Project1.vcxproj -> C:\Users\vlado\source\repos\Project1\Лаба №2\Project1\x64\Debug\Project1.exe
